1. sphinx-quickstart
   choose separe soruce and build directories.

2. Create .gitignore

3. git init
   git branch -m main

4. git add make.bat Makefile source test.log
   git commit -m 'initial repository'

5. git add .gitignore
   git commit -m 'missing from initial commit'

6. add sphinx_coybutton to extensions section of conf.py
